{
  "version": "1.5.0",
  "plugins_used": [
    {
      "name": "ArtifactoryDetector"
    },
    {
      "name": "AWSKeyDetector"
    },
    {
      "name": "AzureStorageKeyDetector"
    },
    {
      "name": "Base64HighEntropyString",
      "limit": 4.5
    },
    {
      "name": "BasicAuthDetector"
    },
    {
      "name": "CloudantDetector"
    },
    {
      "name": "DiscordBotTokenDetector"
    },
    {
      "name": "GitHubTokenDetector"
    },
    {
      "name": "HexHighEntropyString",
      "limit": 3.0
    },
    {
      "name": "IbmCloudIamDetector"
    },
    {
      "name": "IbmCosHmacDetector"
    },
    {
      "name": "JwtTokenDetector"
    },
    {
      "name": "KeywordDetector",
      "keyword_exclude": ""
    },
    {
      "name": "MailchimpDetector"
    },
    {
      "name": "NpmDetector"
    },
    {
      "name": "PrivateKeyDetector"
    },
    {
      "name": "SendGridDetector"
    },
    {
      "name": "SlackDetector"
    },
    {
      "name": "SoftlayerDetector"
    },
    {
      "name": "SquareOAuthDetector"
    },
    {
      "name": "StripeDetector"
    },
    {
      "name": "TwilioKeyDetector"
    }
  ],
  "filters_used": [
    {
      "path": "detect_secrets.filters.allowlist.is_line_allowlisted"
    },
    {
      "path": "detect_secrets.filters.common.is_baseline_file",
      "filename": ".secrets.baseline"
    },
    {
      "path": "detect_secrets.filters.heuristic.is_indirect_reference"
    },
    {
      "path": "detect_secrets.filters.heuristic.is_likely_id_string"
    },
    {
      "path": "detect_secrets.filters.heuristic.is_lock_file"
    },
    {
      "path": "detect_secrets.filters.heuristic.is_not_alphanumeric_string"
    },
    {
      "path": "detect_secrets.filters.heuristic.is_potential_uuid"
    },
    {
      "path": "detect_secrets.filters.heuristic.is_prefixed_with_dollar_sign"
    },
    {
      "path": "detect_secrets.filters.heuristic.is_sequential_string"
    },
    {
      "path": "detect_secrets.filters.heuristic.is_swagger_file"
    },
    {
      "path": "detect_secrets.filters.heuristic.is_templated_secret"
    }
  ],
  "results": {
    "artifacts/resource_guard/calibration.json": [
      {
        "type": "Hex High Entropy String",
        "filename": "artifacts/resource_guard/calibration.json",
        "hashed_secret": "a7f14b8c7ae7417fe802eadee97c25dda9fa7c35",
        "is_verified": false,
        "line_number": 118,
        "is_secret": false
      },
      {
        "type": "Hex High Entropy String",
        "filename": "artifacts/resource_guard/calibration.json",
        "hashed_secret": "eb6d121e1e2d0b8dd9990508d180b0df03fa3c49",
        "is_verified": false,
        "line_number": 129,
        "is_secret": false
      },
      {
        "type": "Hex High Entropy String",
        "filename": "artifacts/resource_guard/calibration.json",
        "hashed_secret": "f5c6941a3583f562aa2bf29519afa7a2704e3756",
        "is_verified": false,
        "line_number": 142,
        "is_secret": false
      }
    ],
    "artifacts/ui/app-polish/app-polish-evidence.json": [
      {
        "type": "Hex High Entropy String",
        "filename": "artifacts/ui/app-polish/app-polish-evidence.json",
        "hashed_secret": "b01405d2aece0d284dd8f2d0d341b811bd66adb5",
        "is_verified": false,
        "line_number": 15,
        "is_secret": false
      },
      {
        "type": "Hex High Entropy String",
        "filename": "artifacts/ui/app-polish/app-polish-evidence.json",
        "hashed_secret": "757720e747f79f9b6c348ea74c42801eb6f187d3",
        "is_verified": false,
        "line_number": 72,
        "is_secret": false
      },
      {
        "type": "Hex High Entropy String",
        "filename": "artifacts/ui/app-polish/app-polish-evidence.json",
        "hashed_secret": "58e1eab712a281552396c9009139fb74d8239b7f",
        "is_verified": false,
        "line_number": 73,
        "is_secret": false
      },
      {
        "type": "Hex High Entropy String",
        "filename": "artifacts/ui/app-polish/app-polish-evidence.json",
        "hashed_secret": "0538287476c00ac82abdf308c5128de431b1af7d",
        "is_verified": false,
        "line_number": 75,
        "is_secret": false
      },
      {
        "type": "Hex High Entropy String",
        "filename": "artifacts/ui/app-polish/app-polish-evidence.json",
        "hashed_secret": "ebb042eba373455d56b73575994389d7e4ea3e0c",
        "is_verified": false,
        "line_number": 76,
        "is_secret": false
      },
      {
        "type": "Hex High Entropy String",
        "filename": "artifacts/ui/app-polish/app-polish-evidence.json",
        "hashed_secret": "5d9f7e28c77e96909588059d5f941addc6c0f846",
        "is_verified": false,
        "line_number": 122,
        "is_secret": false
      },
      {
        "type": "Hex High Entropy String",
        "filename": "artifacts/ui/app-polish/app-polish-evidence.json",
        "hashed_secret": "fe81a065c1861ee0190970953c910425375343f8",
        "is_verified": false,
        "line_number": 135,
        "is_secret": false
      },
      {
        "type": "Hex High Entropy String",
        "filename": "artifacts/ui/app-polish/app-polish-evidence.json",
        "hashed_secret": "197b1451af6cf2c3e0d779aef4be04e6593926ec",
        "is_verified": false,
        "line_number": 148,
        "is_secret": false
      },
      {
        "type": "Hex High Entropy String",
        "filename": "artifacts/ui/app-polish/app-polish-evidence.json",
        "hashed_secret": "b6ab9a31153356174b33a96af48837fd7805b04e",
        "is_verified": false,
        "line_number": 161,
        "is_secret": false
      },
      {
        "type": "Hex High Entropy String",
        "filename": "artifacts/ui/app-polish/app-polish-evidence.json",
        "hashed_secret": "827108ca78caefa1e3aa4f5f0384766498e9cc02",
        "is_verified": false,
        "line_number": 174,
        "is_secret": false
      },
      {
        "type": "Hex High Entropy String",
        "filename": "artifacts/ui/app-polish/app-polish-evidence.json",
        "hashed_secret": "76777360050b94bcecb25f51bb348a5e8ed84d60",
        "is_verified": false,
        "line_number": 187,
        "is_secret": false
      },
      {
        "type": "Hex High Entropy String",
        "filename": "artifacts/ui/app-polish/app-polish-evidence.json",
        "hashed_secret": "d570f247c88b4c0eaa1cf0f1f046164e07ba747d",
        "is_verified": false,
        "line_number": 200,
        "is_secret": false
      },
      {
        "type": "Hex High Entropy String",
        "filename": "artifacts/ui/app-polish/app-polish-evidence.json",
        "hashed_secret": "ecce4f924b30e7472f215087f55a95cdc9a8e7f8",
        "is_verified": false,
        "line_number": 213,
        "is_secret": false
      },
      {
        "type": "Hex High Entropy String",
        "filename": "artifacts/ui/app-polish/app-polish-evidence.json",
        "hashed_secret": "896778aa0b11e1c37dd6aaf236640de22811093d",
        "is_verified": false,
        "line_number": 226,
        "is_secret": false
      },
      {
        "type": "Hex High Entropy String",
        "filename": "artifacts/ui/app-polish/app-polish-evidence.json",
        "hashed_secret": "d8738013f15f752c4567672ce8d4889b14351735",
        "is_verified": false,
        "line_number": 239,
        "is_secret": false
      },
      {
        "type": "Hex High Entropy String",
        "filename": "artifacts/ui/app-polish/app-polish-evidence.json",
        "hashed_secret": "c4a64a3df8e2269f8c33abe9b160b116ae7add3b",
        "is_verified": false,
        "line_number": 252,
        "is_secret": false
      },
      {
        "type": "Hex High Entropy String",
        "filename": "artifacts/ui/app-polish/app-polish-evidence.json",
        "hashed_secret": "24a42d1301497daea4fb6c5514f28fecad28ffe3",
        "is_verified": false,
        "line_number": 265,
        "is_secret": false
      },
      {
        "type": "Hex High Entropy String",
        "filename": "artifacts/ui/app-polish/app-polish-evidence.json",
        "hashed_secret": "693c8d9b298c946e9845d6828bd515222bffe808",
        "is_verified": false,
        "line_number": 278,
        "is_secret": false
      },
      {
        "type": "Hex High Entropy String",
        "filename": "artifacts/ui/app-polish/app-polish-evidence.json",
        "hashed_secret": "dfd7620d7f311b833efb0beefee20ba4af0623fc",
        "is_verified": false,
        "line_number": 291,
        "is_secret": false
      },
      {
        "type": "Hex High Entropy String",
        "filename": "artifacts/ui/app-polish/app-polish-evidence.json",
        "hashed_secret": "85bc71e98386358a53445f1485c3d98938d9df6a",
        "is_verified": false,
        "line_number": 304,
        "is_secret": false
      },
      {
        "type": "Hex High Entropy String",
        "filename": "artifacts/ui/app-polish/app-polish-evidence.json",
        "hashed_secret": "7f153fdd5d0cfafaf59e61401b4943e158e49675",
        "is_verified": false,
        "line_number": 317,
        "is_secret": false
      },
      {
        "type": "Hex High Entropy String",
        "filename": "artifacts/ui/app-polish/app-polish-evidence.json",
        "hashed_secret": "a1f7e2e333bf259c5a605b00e2f562f35ad5aaf9",
        "is_verified": false,
        "line_number": 330,
        "is_secret": false
      },
      {
        "type": "Hex High Entropy String",
        "filename": "artifacts/ui/app-polish/app-polish-evidence.json",
        "hashed_secret": "87b8dde517033637a07fce5604e1d2db5180e019",
        "is_verified": false,
        "line_number": 343,
        "is_secret": false
      },
      {
        "type": "Hex High Entropy String",
        "filename": "artifacts/ui/app-polish/app-polish-evidence.json",
        "hashed_secret": "d4a3a314c1377b0a3f1fb7dddb2f39b8533f17e9",
        "is_verified": false,
        "line_number": 356,
        "is_secret": false
      },
      {
        "type": "Hex High Entropy String",
        "filename": "artifacts/ui/app-polish/app-polish-evidence.json",
        "hashed_secret": "a253e85272551c6d56ce05243dcc20ecb8f01aee",
        "is_verified": false,
        "line_number": 369,
        "is_secret": false
      },
      {
        "type": "Hex High Entropy String",
        "filename": "artifacts/ui/app-polish/app-polish-evidence.json",
        "hashed_secret": "84ce5ca94db8ef7649813909872554f9a867d06c",
        "is_verified": false,
        "line_number": 382,
        "is_secret": false
      }
    ],
    "artifacts/ui/chatpanel-ui-ux-current/walkthrough.json": [
      {
        "type": "Hex High Entropy String",
        "filename": "artifacts/ui/chatpanel-ui-ux-current/walkthrough.json",
        "hashed_secret": "bd94c1fbc7da04e87a47d609290ac1f66d71c0d4",
        "is_verified": false,
        "line_number": 11,
        "is_secret": false
      },
      {
        "type": "Hex High Entropy String",
        "filename": "artifacts/ui/chatpanel-ui-ux-current/walkthrough.json",
        "hashed_secret": "7b00f2b64a4fda77c6eb8b531f455ba6abd94b97",
        "is_verified": false,
        "line_number": 15,
        "is_secret": false
      },
      {
        "type": "Hex High Entropy String",
        "filename": "artifacts/ui/chatpanel-ui-ux-current/walkthrough.json",
        "hashed_secret": "b35085fb85f328c1a1ce35e11839d223026573fd",
        "is_verified": false,
        "line_number": 19,
        "is_secret": false
      },
      {
        "type": "Hex High Entropy String",
        "filename": "artifacts/ui/chatpanel-ui-ux-current/walkthrough.json",
        "hashed_secret": "7cd3a8f79a29b94100c065a6558bd37486a94ec9",
        "is_verified": false,
        "line_number": 23,
        "is_secret": false
      },
      {
        "type": "Hex High Entropy String",
        "filename": "artifacts/ui/chatpanel-ui-ux-current/walkthrough.json",
        "hashed_secret": "84321bf217fa158c6aafec9bb340e0c71ba62535",
        "is_verified": false,
        "line_number": 27,
        "is_secret": false
      },
      {
        "type": "Hex High Entropy String",
        "filename": "artifacts/ui/chatpanel-ui-ux-current/walkthrough.json",
        "hashed_secret": "484fd7b67efc8d718c4910bad23b65118cf8ed18",
        "is_verified": false,
        "line_number": 31,
        "is_secret": false
      },
      {
        "type": "Hex High Entropy String",
        "filename": "artifacts/ui/chatpanel-ui-ux-current/walkthrough.json",
        "hashed_secret": "27f5215557bccfe235cdf8d7965061d70e0e9ab7",
        "is_verified": false,
        "line_number": 35,
        "is_secret": false
      },
      {
        "type": "Hex High Entropy String",
        "filename": "artifacts/ui/chatpanel-ui-ux-current/walkthrough.json",
        "hashed_secret": "93d1d6edd9874b6a9a7eee8d5252d0b9f92fca83",
        "is_verified": false,
        "line_number": 39,
        "is_secret": false
      },
      {
        "type": "Hex High Entropy String",
        "filename": "artifacts/ui/chatpanel-ui-ux-current/walkthrough.json",
        "hashed_secret": "2941b1ee11ba87546f170f4bfee6c0e70c3fc1f9",
        "is_verified": false,
        "line_number": 43,
        "is_secret": false
      },
      {
        "type": "Hex High Entropy String",
        "filename": "artifacts/ui/chatpanel-ui-ux-current/walkthrough.json",
        "hashed_secret": "11d70fd90d13915a384f33bef361ee211bfc7ebc",
        "is_verified": false,
        "line_number": 47,
        "is_secret": false
      },
      {
        "type": "Hex High Entropy String",
        "filename": "artifacts/ui/chatpanel-ui-ux-current/walkthrough.json",
        "hashed_secret": "ffd39e87c628adabcfeadeedbc96be9bde3f1e57",
        "is_verified": false,
        "line_number": 51,
        "is_secret": false
      },
      {
        "type": "Hex High Entropy String",
        "filename": "artifacts/ui/chatpanel-ui-ux-current/walkthrough.json",
        "hashed_secret": "6f4f7417c1caf396f766087f42ccffb5111336c3",
        "is_verified": false,
        "line_number": 55,
        "is_secret": false
      },
      {
        "type": "Hex High Entropy String",
        "filename": "artifacts/ui/chatpanel-ui-ux-current/walkthrough.json",
        "hashed_secret": "ee8fb93f8f81925142ffea62a0e371770910cab0",
        "is_verified": false,
        "line_number": 59,
        "is_secret": false
      },
      {
        "type": "Hex High Entropy String",
        "filename": "artifacts/ui/chatpanel-ui-ux-current/walkthrough.json",
        "hashed_secret": "7d120788c6d2edfe16c8f4655434fd66bf60ccbb",
        "is_verified": false,
        "line_number": 63,
        "is_secret": false
      },
      {
        "type": "Hex High Entropy String",
        "filename": "artifacts/ui/chatpanel-ui-ux-current/walkthrough.json",
        "hashed_secret": "96d1ba5b57beec8d82940f5b12341aeb862d8d1c",
        "is_verified": false,
        "line_number": 67,
        "is_secret": false
      },
      {
        "type": "Hex High Entropy String",
        "filename": "artifacts/ui/chatpanel-ui-ux-current/walkthrough.json",
        "hashed_secret": "10f041b066f3675fa09996da47a3b803f2bdc8ce",
        "is_verified": false,
        "line_number": 71,
        "is_secret": false
      },
      {
        "type": "Hex High Entropy String",
        "filename": "artifacts/ui/chatpanel-ui-ux-current/walkthrough.json",
        "hashed_secret": "abd4df06ecbfc1f67d63099713f9928da9200897",
        "is_verified": false,
        "line_number": 75,
        "is_secret": false
      },
      {
        "type": "Hex High Entropy String",
        "filename": "artifacts/ui/chatpanel-ui-ux-current/walkthrough.json",
        "hashed_secret": "7c757d4fb70272d5fb7b21cbd5b6c9b3a974c128",
        "is_verified": false,
        "line_number": 79,
        "is_secret": false
      },
      {
        "type": "Hex High Entropy String",
        "filename": "artifacts/ui/chatpanel-ui-ux-current/walkthrough.json",
        "hashed_secret": "77950515cb82ef81d66d4bc8d26702503d39050c",
        "is_verified": false,
        "line_number": 83,
        "is_secret": false
      },
      {
        "type": "Hex High Entropy String",
        "filename": "artifacts/ui/chatpanel-ui-ux-current/walkthrough.json",
        "hashed_secret": "fbb75f4b71a375c4358d9645844ce18e925a4bcc",
        "is_verified": false,
        "line_number": 87,
        "is_secret": false
      },
      {
        "type": "Hex High Entropy String",
        "filename": "artifacts/ui/chatpanel-ui-ux-current/walkthrough.json",
        "hashed_secret": "8bcdc09d048b25307fd96f470cd69d71207c662d",
        "is_verified": false,
        "line_number": 91,
        "is_secret": false
      },
      {
        "type": "Hex High Entropy String",
        "filename": "artifacts/ui/chatpanel-ui-ux-current/walkthrough.json",
        "hashed_secret": "1540de9b193ad56fb6dfc0985543c2e831a118d0",
        "is_verified": false,
        "line_number": 95,
        "is_secret": false
      },
      {
        "type": "Hex High Entropy String",
        "filename": "artifacts/ui/chatpanel-ui-ux-current/walkthrough.json",
        "hashed_secret": "885e0d75dea34e1e604674f648367a7d8c004e65",
        "is_verified": false,
        "line_number": 99,
        "is_secret": false
      },
      {
        "type": "Hex High Entropy String",
        "filename": "artifacts/ui/chatpanel-ui-ux-current/walkthrough.json",
        "hashed_secret": "a95dad784f485546b208468f8a2dba730bd79493",
        "is_verified": false,
        "line_number": 103,
        "is_secret": false
      },
      {
        "type": "Hex High Entropy String",
        "filename": "artifacts/ui/chatpanel-ui-ux-current/walkthrough.json",
        "hashed_secret": "96f8f53b89f6f9aba608d2227ae5bae85eeac2a2",
        "is_verified": false,
        "line_number": 107,
        "is_secret": false
      },
      {
        "type": "Hex High Entropy String",
        "filename": "artifacts/ui/chatpanel-ui-ux-current/walkthrough.json",
        "hashed_secret": "d65cf7f1ed9d5f773af645f4243c364a12cb29d8",
        "is_verified": false,
        "line_number": 111,
        "is_secret": false
      },
      {
        "type": "Hex High Entropy String",
        "filename": "artifacts/ui/chatpanel-ui-ux-current/walkthrough.json",
        "hashed_secret": "ff159a9eca5f1001c60f42f831b87f21f93eaf3b",
        "is_verified": false,
        "line_number": 115,
        "is_secret": false
      },
      {
        "type": "Hex High Entropy String",
        "filename": "artifacts/ui/chatpanel-ui-ux-current/walkthrough.json",
        "hashed_secret": "10bb1dd8784a816aa2d7194c4c8db9764964ca35",
        "is_verified": false,
        "line_number": 119,
        "is_secret": false
      },
      {
        "type": "Hex High Entropy String",
        "filename": "artifacts/ui/chatpanel-ui-ux-current/walkthrough.json",
        "hashed_secret": "e0f87b1f5773399fabca20c6b0b83a59e12de567",
        "is_verified": false,
        "line_number": 123,
        "is_secret": false
      },
      {
        "type": "Hex High Entropy String",
        "filename": "artifacts/ui/chatpanel-ui-ux-current/walkthrough.json",
        "hashed_secret": "9acd20038b1833b48e09898dfca6b05e6457df6f",
        "is_verified": false,
        "line_number": 126,
        "is_secret": false
      },
      {
        "type": "Hex High Entropy String",
        "filename": "artifacts/ui/chatpanel-ui-ux-current/walkthrough.json",
        "hashed_secret": "ec5bb453639b5517be162f7561b3ed7a181d9f45",
        "is_verified": false,
        "line_number": 299,
        "is_secret": false
      },
      {
        "type": "Hex High Entropy String",
        "filename": "artifacts/ui/chatpanel-ui-ux-current/walkthrough.json",
        "hashed_secret": "b4c66c08fa8f4a186cbfb546f9296864bfe457cf",
        "is_verified": false,
        "line_number": 515,
        "is_secret": false
      },
      {
        "type": "Hex High Entropy String",
        "filename": "artifacts/ui/chatpanel-ui-ux-current/walkthrough.json",
        "hashed_secret": "a251c7884c6c07efaa8effa255a06d4e369c8fd7",
        "is_verified": false,
        "line_number": 726,
        "is_secret": false
      },
      {
        "type": "Hex High Entropy String",
        "filename": "artifacts/ui/chatpanel-ui-ux-current/walkthrough.json",
        "hashed_secret": "844feccb790d82a4147cf14160c766712ca1b5b1",
        "is_verified": false,
        "line_number": 800,
        "is_secret": false
      },
      {
        "type": "Hex High Entropy String",
        "filename": "artifacts/ui/chatpanel-ui-ux-current/walkthrough.json",
        "hashed_secret": "b01298cd64710f9108b95a166d323255742430ed",
        "is_verified": false,
        "line_number": 1157,
        "is_secret": false
      },
      {
        "type": "Hex High Entropy String",
        "filename": "artifacts/ui/chatpanel-ui-ux-current/walkthrough.json",
        "hashed_secret": "355db64d1f8be4ccd1f4c54566a82a05aca652b2",
        "is_verified": false,
        "line_number": 1457,
        "is_secret": false
      },
      {
        "type": "Hex High Entropy String",
        "filename": "artifacts/ui/chatpanel-ui-ux-current/walkthrough.json",
        "hashed_secret": "2bb8dd27e71e4420225aaea702988427df718bce",
        "is_verified": false,
        "line_number": 1702,
        "is_secret": false
      },
      {
        "type": "Hex High Entropy String",
        "filename": "artifacts/ui/chatpanel-ui-ux-current/walkthrough.json",
        "hashed_secret": "90bd34a96bc6ad4916fb6f2cbbcb45b86033248a",
        "is_verified": false,
        "line_number": 1976,
        "is_secret": false
      },
      {
        "type": "Hex High Entropy String",
        "filename": "artifacts/ui/chatpanel-ui-ux-current/walkthrough.json",
        "hashed_secret": "a991c83dcc04b11b531f0da1bf5002602fecba2f",
        "is_verified": false,
        "line_number": 2250,
        "is_secret": false
      },
      {
        "type": "Hex High Entropy String",
        "filename": "artifacts/ui/chatpanel-ui-ux-current/walkthrough.json",
        "hashed_secret": "25ea37f479dc811a0f59d9b2c1a9aa988d25907f",
        "is_verified": false,
        "line_number": 2510,
        "is_secret": false
      },
      {
        "type": "Hex High Entropy String",
        "filename": "artifacts/ui/chatpanel-ui-ux-current/walkthrough.json",
        "hashed_secret": "9cf8c5a4c8f2055d77c0d53399626a290a84da5b",
        "is_verified": false,
        "line_number": 2770,
        "is_secret": false
      },
      {
        "type": "Hex High Entropy String",
        "filename": "artifacts/ui/chatpanel-ui-ux-current/walkthrough.json",
        "hashed_secret": "c3c67a6b3ed46c8c843dcfa39717782b006aed7b",
        "is_verified": false,
        "line_number": 3030,
        "is_secret": false
      },
      {
        "type": "Hex High Entropy String",
        "filename": "artifacts/ui/chatpanel-ui-ux-current/walkthrough.json",
        "hashed_secret": "9dc93cbc956b648d113007e5aff353111d007811",
        "is_verified": false,
        "line_number": 3346,
        "is_secret": false
      },
      {
        "type": "Hex High Entropy String",
        "filename": "artifacts/ui/chatpanel-ui-ux-current/walkthrough.json",
        "hashed_secret": "b462223fbda57871dc39d1d6e2c3968a1c13b83b",
        "is_verified": false,
        "line_number": 3646,
        "is_secret": false
      },
      {
        "type": "Hex High Entropy String",
        "filename": "artifacts/ui/chatpanel-ui-ux-current/walkthrough.json",
        "hashed_secret": "d654c83bbc6e94fadac50bbb4f9ceb8df6a4bfa6",
        "is_verified": false,
        "line_number": 3904,
        "is_secret": false
      },
      {
        "type": "Hex High Entropy String",
        "filename": "artifacts/ui/chatpanel-ui-ux-current/walkthrough.json",
        "hashed_secret": "af146ddd9475e42610ea94125053b2b19e6e6cca",
        "is_verified": false,
        "line_number": 4220,
        "is_secret": false
      },
      {
        "type": "Hex High Entropy String",
        "filename": "artifacts/ui/chatpanel-ui-ux-current/walkthrough.json",
        "hashed_secret": "4f8f668612ddf47b2964ded3cf730d719bd5a950",
        "is_verified": false,
        "line_number": 4536,
        "is_secret": false
      },
      {
        "type": "Hex High Entropy String",
        "filename": "artifacts/ui/chatpanel-ui-ux-current/walkthrough.json",
        "hashed_secret": "013fe72b7e482665e6db07fdbcdba48dab02ba3a",
        "is_verified": false,
        "line_number": 4796,
        "is_secret": false
      },
      {
        "type": "Hex High Entropy String",
        "filename": "artifacts/ui/chatpanel-ui-ux-current/walkthrough.json",
        "hashed_secret": "b5f3b72c87d113d573d16c2cca063596e1362fe1",
        "is_verified": false,
        "line_number": 5070,
        "is_secret": false
      },
      {
        "type": "Hex High Entropy String",
        "filename": "artifacts/ui/chatpanel-ui-ux-current/walkthrough.json",
        "hashed_secret": "3bf6ba53182376dc1171887ccfba7dcfc7691290",
        "is_verified": false,
        "line_number": 5328,
        "is_secret": false
      },
      {
        "type": "Hex High Entropy String",
        "filename": "artifacts/ui/chatpanel-ui-ux-current/walkthrough.json",
        "hashed_secret": "732324c000d6d7ebfc77ba907f449d6ff1111e7c",
        "is_verified": false,
        "line_number": 5644,
        "is_secret": false
      },
      {
        "type": "Hex High Entropy String",
        "filename": "artifacts/ui/chatpanel-ui-ux-current/walkthrough.json",
        "hashed_secret": "b731a8a54b86b027035c5b1f3b3f3f51f93020e7",
        "is_verified": false,
        "line_number": 5904,
        "is_secret": false
      },
      {
        "type": "Hex High Entropy String",
        "filename": "artifacts/ui/chatpanel-ui-ux-current/walkthrough.json",
        "hashed_secret": "bc7b64eb90be1c402e68412df2f0cd0de4f4735e",
        "is_verified": false,
        "line_number": 6178,
        "is_secret": false
      },
      {
        "type": "Hex High Entropy String",
        "filename": "artifacts/ui/chatpanel-ui-ux-current/walkthrough.json",
        "hashed_secret": "21de3cb3d006cbb653898a1cc3669f40807287cc",
        "is_verified": false,
        "line_number": 6436,
        "is_secret": false
      },
      {
        "type": "Hex High Entropy String",
        "filename": "artifacts/ui/chatpanel-ui-ux-current/walkthrough.json",
        "hashed_secret": "627316fe5b3d438f4cf9e6bcfbd091c3439da937",
        "is_verified": false,
        "line_number": 6752,
        "is_secret": false
      },
      {
        "type": "Hex High Entropy String",
        "filename": "artifacts/ui/chatpanel-ui-ux-current/walkthrough.json",
        "hashed_secret": "e3d13a9a095ad3cfe1b8d0a75149aefde7b6879f",
        "is_verified": false,
        "line_number": 7012,
        "is_secret": false
      },
      {
        "type": "Hex High Entropy String",
        "filename": "artifacts/ui/chatpanel-ui-ux-current/walkthrough.json",
        "hashed_secret": "7198b0959cb6689e16b6360fa92566ae762b1053",
        "is_verified": false,
        "line_number": 7286,
        "is_secret": false
      },
      {
        "type": "Hex High Entropy String",
        "filename": "artifacts/ui/chatpanel-ui-ux-current/walkthrough.json",
        "hashed_secret": "151e10ad8e72b7eb8522e65803495a7775e19dad",
        "is_verified": false,
        "line_number": 7518,
        "is_secret": false
      },
      {
        "type": "Hex High Entropy String",
        "filename": "artifacts/ui/chatpanel-ui-ux-current/walkthrough.json",
        "hashed_secret": "349c015bcef75e12c0da9e917ed780e23fa429b2",
        "is_verified": false,
        "line_number": 7790,
        "is_secret": false
      },
      {
        "type": "Hex High Entropy String",
        "filename": "artifacts/ui/chatpanel-ui-ux-current/walkthrough.json",
        "hashed_secret": "42a87decd0fd1a8aab67c2f4f09da60386224745",
        "is_verified": false,
        "line_number": 8075,
        "is_secret": false
      }
    ],
    "artifacts/ui/data-import-wizard-steps/data-import-wizard-steps-evidence.json": [
      {
        "type": "Hex High Entropy String",
        "filename": "artifacts/ui/data-import-wizard-steps/data-import-wizard-steps-evidence.json",
        "hashed_secret": "c9e7b7b5f18f80bca35fe4f10774ea78474e993d",
        "is_verified": false,
        "line_number": 45,
        "is_secret": false
      },
      {
        "type": "Hex High Entropy String",
        "filename": "artifacts/ui/data-import-wizard-steps/data-import-wizard-steps-evidence.json",
        "hashed_secret": "9e6972cdc765fcc6fdc452243855dcc9a6661404",
        "is_verified": false,
        "line_number": 54,
        "is_secret": false
      },
      {
        "type": "Hex High Entropy String",
        "filename": "artifacts/ui/data-import-wizard-steps/data-import-wizard-steps-evidence.json",
        "hashed_secret": "e35bacfa791ec5333cab59ae721d1c89d30e0750",
        "is_verified": false,
        "line_number": 55,
        "is_secret": false
      },
      {
        "type": "Hex High Entropy String",
        "filename": "artifacts/ui/data-import-wizard-steps/data-import-wizard-steps-evidence.json",
        "hashed_secret": "ab2b8411cf38d4982c7b4cc9ba5edc0dd90a3d27",
        "is_verified": false,
        "line_number": 57,
        "is_secret": false
      },
      {
        "type": "Hex High Entropy String",
        "filename": "artifacts/ui/data-import-wizard-steps/data-import-wizard-steps-evidence.json",
        "hashed_secret": "25d0d7cf9417d91281436aff98c3ecc812f545db",
        "is_verified": false,
        "line_number": 58,
        "is_secret": false
      },
      {
        "type": "Hex High Entropy String",
        "filename": "artifacts/ui/data-import-wizard-steps/data-import-wizard-steps-evidence.json",
        "hashed_secret": "2b3757f6b9ed8d362053506d8ceba03ca53d2cb4",
        "is_verified": false,
        "line_number": 104,
        "is_secret": false
      },
      {
        "type": "Hex High Entropy String",
        "filename": "artifacts/ui/data-import-wizard-steps/data-import-wizard-steps-evidence.json",
        "hashed_secret": "1552c6193fe7f5066e4ab607b93463fde1751069",
        "is_verified": false,
        "line_number": 117,
        "is_secret": false
      },
      {
        "type": "Hex High Entropy String",
        "filename": "artifacts/ui/data-import-wizard-steps/data-import-wizard-steps-evidence.json",
        "hashed_secret": "debd66f0caee1088e33fa83a66065d312c8bfe79",
        "is_verified": false,
        "line_number": 130,
        "is_secret": false
      },
      {
        "type": "Hex High Entropy String",
        "filename": "artifacts/ui/data-import-wizard-steps/data-import-wizard-steps-evidence.json",
        "hashed_secret": "71953212aa7d4f3915aaa511c42127ceafd4e8fc",
        "is_verified": false,
        "line_number": 143,
        "is_secret": false
      },
      {
        "type": "Hex High Entropy String",
        "filename": "artifacts/ui/data-import-wizard-steps/data-import-wizard-steps-evidence.json",
        "hashed_secret": "30621ffc1a922aa3df9831c96f73d27b77fbf4be",
        "is_verified": false,
        "line_number": 156,
        "is_secret": false
      },
      {
        "type": "Hex High Entropy String",
        "filename": "artifacts/ui/data-import-wizard-steps/data-import-wizard-steps-evidence.json",
        "hashed_secret": "1e3cee3301131ece40bd02e554b11b7d4301e6e0",
        "is_verified": false,
        "line_number": 169,
        "is_secret": false
      },
      {
        "type": "Hex High Entropy String",
        "filename": "artifacts/ui/data-import-wizard-steps/data-import-wizard-steps-evidence.json",
        "hashed_secret": "b8e2b11e315e9d6719920ab3d522819f1564194c",
        "is_verified": false,
        "line_number": 182,
        "is_secret": false
      },
      {
        "type": "Hex High Entropy String",
        "filename": "artifacts/ui/data-import-wizard-steps/data-import-wizard-steps-evidence.json",
        "hashed_secret": "5a4e06997019e47be3864d70ed711afa470e66f6",
        "is_verified": false,
        "line_number": 195,
        "is_secret": false
      },
      {
        "type": "Hex High Entropy String",
        "filename": "artifacts/ui/data-import-wizard-steps/data-import-wizard-steps-evidence.json",
        "hashed_secret": "d45f3a6680dc2a25bc72141138ca8f93ec280cec",
        "is_verified": false,
        "line_number": 208,
        "is_secret": false
      },
      {
        "type": "Hex High Entropy String",
        "filename": "artifacts/ui/data-import-wizard-steps/data-import-wizard-steps-evidence.json",
        "hashed_secret": "72b7ab2ab2b13abbbba7621bd873d4f57268b733",
        "is_verified": false,
        "line_number": 221,
        "is_secret": false
      },
      {
        "type": "Hex High Entropy String",
        "filename": "artifacts/ui/data-import-wizard-steps/data-import-wizard-steps-evidence.json",
        "hashed_secret": "9037257d0b71f54029354b48df99ae3ffe790df8",
        "is_verified": false,
        "line_number": 234,
        "is_secret": false
      },
      {
        "type": "Hex High Entropy String",
        "filename": "artifacts/ui/data-import-wizard-steps/data-import-wizard-steps-evidence.json",
        "hashed_secret": "f57c068f9b471c58f1351a07697d4a8dcc991607",
        "is_verified": false,
        "line_number": 247,
        "is_secret": false
      }
    ],
    "artifacts/ui/human-like-walkthrough-runs/current/walkthrough-import.recipe.json": [
      {
        "type": "Hex High Entropy String",
        "filename": "artifacts/ui/human-like-walkthrough-runs/current/walkthrough-import.recipe.json",
        "hashed_secret": "6411538038f6169cdb44d003fdeb12f84d265e67",
        "is_verified": false,
        "line_number": 135,
        "is_secret": false
      },
      {
        "type": "Hex High Entropy String",
        "filename": "artifacts/ui/human-like-walkthrough-runs/current/walkthrough-import.recipe.json",
        "hashed_secret": "a5f83eff93735ce069806394486c14cfbb087b0d",
        "is_verified": false,
        "line_number": 141,
        "is_secret": false
      },
      {
        "type": "Hex High Entropy String",
        "filename": "artifacts/ui/human-like-walkthrough-runs/current/walkthrough-import.recipe.json",
        "hashed_secret": "1b1912b44b73e4bb89410e97c60063cdeba01082",
        "is_verified": false,
        "line_number": 147,
        "is_secret": false
      },
      {
        "type": "Hex High Entropy String",
        "filename": "artifacts/ui/human-like-walkthrough-runs/current/walkthrough-import.recipe.json",
        "hashed_secret": "219d5757df2a22995bbb11b7a03d71ab16d99739",
        "is_verified": false,
        "line_number": 153,
        "is_secret": false
      },
      {
        "type": "Hex High Entropy String",
        "filename": "artifacts/ui/human-like-walkthrough-runs/current/walkthrough-import.recipe.json",
        "hashed_secret": "9cdef074fa18633fa3a2768d69d89b9725611f79",
        "is_verified": false,
        "line_number": 157,
        "is_secret": false
      },
      {
        "type": "Hex High Entropy String",
        "filename": "artifacts/ui/human-like-walkthrough-runs/current/walkthrough-import.recipe.json",
        "hashed_secret": "fd8b97e32b84c0529e12a8a3a8c79e38576de859",
        "is_verified": false,
        "line_number": 159,
        "is_secret": false
      }
    ],
    "artifacts/ui/visualization-render/visualization-render-walkthrough.json": [
      {
        "type": "Hex High Entropy String",
        "filename": "artifacts/ui/visualization-render/visualization-render-walkthrough.json",
        "hashed_secret": "8c0198993ec0a0baa07eff9029b0a383fa8fe0b0",
        "is_verified": false,
        "line_number": 378,
        "is_secret": false
      },
      {
        "type": "Hex High Entropy String",
        "filename": "artifacts/ui/visualization-render/visualization-render-walkthrough.json",
        "hashed_secret": "8323609cac874f98db2aa35deca3c7800d9294a5",
        "is_verified": false,
        "line_number": 379,
        "is_secret": false
      },
      {
        "type": "Hex High Entropy String",
        "filename": "artifacts/ui/visualization-render/visualization-render-walkthrough.json",
        "hashed_secret": "f9a4004f058356c3bafd5c99746d8724127bea6b",
        "is_verified": false,
        "line_number": 380,
        "is_secret": false
      },
      {
        "type": "Hex High Entropy String",
        "filename": "artifacts/ui/visualization-render/visualization-render-walkthrough.json",
        "hashed_secret": "d1e44627358e962b01a881a3b5c5340837b42ced",
        "is_verified": false,
        "line_number": 386,
        "is_secret": false
      },
      {
        "type": "Hex High Entropy String",
        "filename": "artifacts/ui/visualization-render/visualization-render-walkthrough.json",
        "hashed_secret": "0d0c0ee9eb3117d73030ef71bc2390e14888c6e3",
        "is_verified": false,
        "line_number": 1917,
        "is_secret": false
      },
      {
        "type": "Hex High Entropy String",
        "filename": "artifacts/ui/visualization-render/visualization-render-walkthrough.json",
        "hashed_secret": "6e99c9130199b0b582d4f787d4218f8eac2c11db",
        "is_verified": false,
        "line_number": 1964,
        "is_secret": false
      },
      {
        "type": "Hex High Entropy String",
        "filename": "artifacts/ui/visualization-render/visualization-render-walkthrough.json",
        "hashed_secret": "9165fc98a846401db2386facc7d5a4f77e659798",
        "is_verified": false,
        "line_number": 2043,
        "is_secret": false
      },
      {
        "type": "Hex High Entropy String",
        "filename": "artifacts/ui/visualization-render/visualization-render-walkthrough.json",
        "hashed_secret": "4b47c85876955f43c3958f3d40c38d7c8b9f3831",
        "is_verified": false,
        "line_number": 2122,
        "is_secret": false
      },
      {
        "type": "Hex High Entropy String",
        "filename": "artifacts/ui/visualization-render/visualization-render-walkthrough.json",
        "hashed_secret": "0b9295cb4fdf50c127522208929b06da4a4a36dd",
        "is_verified": false,
        "line_number": 2203,
        "is_secret": false
      }
    ],
    "scripts/agent/benchmarks/data/manifest.json": [
      {
        "type": "Hex High Entropy String",
        "filename": "scripts/agent/benchmarks/data/manifest.json",
        "hashed_secret": "c443539de2cac936f1a128e3175b2a49074cb9d3",
        "is_verified": false,
        "line_number": 4,
        "is_secret": false
      }
    ]
  },
  "generated_at": "2026-07-20T15:02:04Z"
}
