{
  "version": "1.5.0",
  "plugins_used": [
    {
      "name": "ArtifactoryDetector"
    },
    {
      "name": "AWSKeyDetector"
    },
    {
      "name": "AzureStorageKeyDetector"
    },
    {
      "name": "Base64HighEntropyString",
      "limit": 4.5
    },
    {
      "name": "BasicAuthDetector"
    },
    {
      "name": "CloudantDetector"
    },
    {
      "name": "DiscordBotTokenDetector"
    },
    {
      "name": "GitHubTokenDetector"
    },
    {
      "name": "GitLabTokenDetector"
    },
    {
      "name": "HexHighEntropyString",
      "limit": 3.0
    },
    {
      "name": "IbmCloudIamDetector"
    },
    {
      "name": "IbmCosHmacDetector"
    },
    {
      "name": "IPPublicDetector"
    },
    {
      "name": "JwtTokenDetector"
    },
    {
      "name": "KeywordDetector",
      "keyword_exclude": ""
    },
    {
      "name": "MailchimpDetector"
    },
    {
      "name": "NpmDetector"
    },
    {
      "name": "OpenAIDetector"
    },
    {
      "name": "PrivateKeyDetector"
    },
    {
      "name": "PypiTokenDetector"
    },
    {
      "name": "SendGridDetector"
    },
    {
      "name": "SlackDetector"
    },
    {
      "name": "SoftlayerDetector"
    },
    {
      "name": "SquareOAuthDetector"
    },
    {
      "name": "StripeDetector"
    },
    {
      "name": "TelegramBotTokenDetector"
    },
    {
      "name": "TwilioKeyDetector"
    }
  ],
  "filters_used": [
    {
      "path": "detect_secrets.filters.allowlist.is_line_allowlisted"
    },
    {
      "path": "detect_secrets.filters.common.is_baseline_file",
      "filename": ".secrets.baseline"
    },
    {
      "path": "detect_secrets.filters.common.is_ignored_due_to_verification_policies",
      "min_level": 2
    },
    {
      "path": "detect_secrets.filters.heuristic.is_indirect_reference"
    },
    {
      "path": "detect_secrets.filters.heuristic.is_likely_id_string"
    },
    {
      "path": "detect_secrets.filters.heuristic.is_lock_file"
    },
    {
      "path": "detect_secrets.filters.heuristic.is_not_alphanumeric_string"
    },
    {
      "path": "detect_secrets.filters.heuristic.is_potential_uuid"
    },
    {
      "path": "detect_secrets.filters.heuristic.is_prefixed_with_dollar_sign"
    },
    {
      "path": "detect_secrets.filters.heuristic.is_sequential_string"
    },
    {
      "path": "detect_secrets.filters.heuristic.is_swagger_file"
    },
    {
      "path": "detect_secrets.filters.heuristic.is_templated_secret"
    },
    {
      "path": "detect_secrets.filters.regex.should_exclude_line",
      "pattern": [
        "^\\s*\"(?:sha256|image_sha256|source_fingerprint|fingerprint_at_start|fingerprint_at_completion|commit_sha|tree_sha|dirty_digest|head_tree_sha|source_content_digest|source_digest)\"\\s*:"
      ]
    }
  ],
  "results": {
    "XBrainLab/backend/utils/public_diagnostics.py": [
      {
        "type": "Secret Keyword",
        "filename": "XBrainLab/backend/utils/public_diagnostics.py",
        "hashed_secret": "e5e9fa1ba31ecd1ae84f75caaa474f3a663f05f4",
        "is_verified": false,
        "line_number": 35
      }
    ],
    "artifacts/data_interpretation/teacher-dataset-preflight.json": [
      {
        "type": "Hex High Entropy String",
        "filename": "artifacts/data_interpretation/teacher-dataset-preflight.json",
        "hashed_secret": "3d0b6d9f6eb1634b317c2dcc97a4d42af76702a7",
        "is_verified": false,
        "line_number": 67
      },
      {
        "type": "Hex High Entropy String",
        "filename": "artifacts/data_interpretation/teacher-dataset-preflight.json",
        "hashed_secret": "c43188dd6acd930661c042596100d79c81b4dc02",
        "is_verified": false,
        "line_number": 76
      },
      {
        "type": "Hex High Entropy String",
        "filename": "artifacts/data_interpretation/teacher-dataset-preflight.json",
        "hashed_secret": "433825500db264536d6498853816f3a222464d58",
        "is_verified": false,
        "line_number": 85
      }
    ],
    "artifacts/ui/data-import-wizard-steps/data-import-wizard-steps-evidence.json": [
      {
        "type": "Hex High Entropy String",
        "filename": "artifacts/ui/data-import-wizard-steps/data-import-wizard-steps-evidence.json",
        "hashed_secret": "8a5d3197421ef5934f895f0b6c33ecb94e3208ad",
        "is_verified": false,
        "line_number": 45
      }
    ],
    "scripts/agent/benchmarks/data/manifest.json": [
      {
        "type": "Hex High Entropy String",
        "filename": "scripts/agent/benchmarks/data/manifest.json",
        "hashed_secret": "c443539de2cac936f1a128e3175b2a49074cb9d3",
        "is_verified": false,
        "line_number": 4
      }
    ],
    "tests/unit/backend/application/test_results.py": [
      {
        "type": "Secret Keyword",
        "filename": "tests/unit/backend/application/test_results.py",
        "hashed_secret": "abf7aad6438836dbe526aa231abde2d0eef74d42",
        "is_verified": false,
        "line_number": 239
      }
    ],
    "tests/unit/backend/utils/test_public_diagnostics.py": [
      {
        "type": "AWS Access Key",
        "filename": "tests/unit/backend/utils/test_public_diagnostics.py",
        "hashed_secret": "25910f981e85ca04baf359199dd0bd4a3ae738b6",
        "is_verified": false,
        "line_number": 267
      },
      {
        "type": "Private Key",
        "filename": "tests/unit/backend/utils/test_public_diagnostics.py",
        "hashed_secret": "1348b145fa1a555461c1b790a2f66614781091e9",
        "is_verified": false,
        "line_number": 509
      },
      {
        "type": "Private Key",
        "filename": "tests/unit/backend/utils/test_public_diagnostics.py",
        "hashed_secret": "be4fc4886bd949b369d5e092eb87494f12e57e5b",
        "is_verified": false,
        "line_number": 626
      },
      {
        "type": "Basic Auth Credentials",
        "filename": "tests/unit/backend/utils/test_public_diagnostics.py",
        "hashed_secret": "a761ce3a45d97e41840a788495e85a70d1bb3815",
        "is_verified": false,
        "line_number": 649
      },
      {
        "type": "Basic Auth Credentials",
        "filename": "tests/unit/backend/utils/test_public_diagnostics.py",
        "hashed_secret": "e5e9fa1ba31ecd1ae84f75caaa474f3a663f05f4",
        "is_verified": false,
        "line_number": 1837
      },
      {
        "type": "Basic Auth Credentials",
        "filename": "tests/unit/backend/utils/test_public_diagnostics.py",
        "hashed_secret": "9d4e1e23bd5b727046a9e3b4b7db57bd8d6ee684",
        "is_verified": false,
        "line_number": 1847
      }
    ],
    "tests/unit/scripts/test_capture_ui_reviewer_fixes.py": [
      {
        "type": "Hex High Entropy String",
        "filename": "tests/unit/scripts/test_capture_ui_reviewer_fixes.py",
        "hashed_secret": "471e28426ab4a27a872bb43c95cd1c961bfa1624",
        "is_verified": false,
        "line_number": 192
      }
    ],
    "tests/unit/scripts/test_update_quality_dashboard.py": [
      {
        "type": "Hex High Entropy String",
        "filename": "tests/unit/scripts/test_update_quality_dashboard.py",
        "hashed_secret": "158b484ae1f6f64f89da22397d25fbdafad02252",
        "is_verified": false,
        "line_number": 1090
      },
      {
        "type": "Hex High Entropy String",
        "filename": "tests/unit/scripts/test_update_quality_dashboard.py",
        "hashed_secret": "6740d1ecb48c5c9ca3b2a3cb1ca2f4b4d4487473",
        "is_verified": false,
        "line_number": 1245
      }
    ],
    "artifacts/user-journeys/moabb-15-campaign-preflight-v1.json": [
      {
        "type": "Hex High Entropy String",
        "filename": "artifacts/user-journeys/moabb-15-campaign-preflight-v1.json",
        "hashed_secret": "0354dcd62e74bad5ef7ce4bff7e7e2efd4202f02",
        "is_verified": false,
        "line_number": 7
      },
      {
        "type": "Hex High Entropy String",
        "filename": "artifacts/user-journeys/moabb-15-campaign-preflight-v1.json",
        "hashed_secret": "322158d393445facc7f7e618f8d0e560bfe494fb",
        "is_verified": false,
        "line_number": 105
      },
      {
        "type": "Hex High Entropy String",
        "filename": "artifacts/user-journeys/moabb-15-campaign-preflight-v1.json",
        "hashed_secret": "8dd15e47b115591fcc39925b7603282722e50f95",
        "is_verified": false,
        "line_number": 110
      },
      {
        "type": "Hex High Entropy String",
        "filename": "artifacts/user-journeys/moabb-15-campaign-preflight-v1.json",
        "hashed_secret": "d4e9645b5323fb3b75cb9cd4c725dc34289da0d2",
        "is_verified": false,
        "line_number": 119
      },
      {
        "type": "Hex High Entropy String",
        "filename": "artifacts/user-journeys/moabb-15-campaign-preflight-v1.json",
        "hashed_secret": "d01972554675b95e49159a984ba273c0863376c4",
        "is_verified": false,
        "line_number": 120
      }
    ],
    "artifacts/user-journeys/moabb-gui-campaign-v2.json": [
      {
        "type": "Hex High Entropy String",
        "filename": "artifacts/user-journeys/moabb-gui-campaign-v2.json",
        "hashed_secret": "0354dcd62e74bad5ef7ce4bff7e7e2efd4202f02",
        "is_verified": false,
        "line_number": 7
      },
      {
        "type": "Base64 High Entropy String",
        "filename": "artifacts/user-journeys/moabb-gui-campaign-v2.json",
        "hashed_secret": "0f2078ab03ab32cfc8b771ba02f38d8e5124ea84",
        "is_verified": false,
        "line_number": 94
      },
      {
        "type": "Base64 High Entropy String",
        "filename": "artifacts/user-journeys/moabb-gui-campaign-v2.json",
        "hashed_secret": "43480577b5e90aad1faf78ca9b6947dbbc238c6c",
        "is_verified": false,
        "line_number": 117
      },
      {
        "type": "Base64 High Entropy String",
        "filename": "artifacts/user-journeys/moabb-gui-campaign-v2.json",
        "hashed_secret": "9e2095272a8fad7300e37b373d6bdd8ff3e03d5f",
        "is_verified": false,
        "line_number": 140
      },
      {
        "type": "Base64 High Entropy String",
        "filename": "artifacts/user-journeys/moabb-gui-campaign-v2.json",
        "hashed_secret": "69d0dcdc41be361e3cc8abd3b99aff4c1452c042",
        "is_verified": false,
        "line_number": 163
      },
      {
        "type": "Base64 High Entropy String",
        "filename": "artifacts/user-journeys/moabb-gui-campaign-v2.json",
        "hashed_secret": "e10527a7b4c658925926e94823e0285f356d90d7",
        "is_verified": false,
        "line_number": 186
      },
      {
        "type": "Base64 High Entropy String",
        "filename": "artifacts/user-journeys/moabb-gui-campaign-v2.json",
        "hashed_secret": "5504dc0d21423195d377bb88702740201e34392c",
        "is_verified": false,
        "line_number": 209
      },
      {
        "type": "Base64 High Entropy String",
        "filename": "artifacts/user-journeys/moabb-gui-campaign-v2.json",
        "hashed_secret": "187b2efc7e845e0643be7ecca2c7f904b188b66b",
        "is_verified": false,
        "line_number": 256
      },
      {
        "type": "Base64 High Entropy String",
        "filename": "artifacts/user-journeys/moabb-gui-campaign-v2.json",
        "hashed_secret": "b3e43e864f61f1c664067ee4b6e585f27b2287d2",
        "is_verified": false,
        "line_number": 279
      },
      {
        "type": "Base64 High Entropy String",
        "filename": "artifacts/user-journeys/moabb-gui-campaign-v2.json",
        "hashed_secret": "c2e56a6ecfb108734867695cb832f6a478ed99db",
        "is_verified": false,
        "line_number": 302
      },
      {
        "type": "Base64 High Entropy String",
        "filename": "artifacts/user-journeys/moabb-gui-campaign-v2.json",
        "hashed_secret": "c0dfca574fda135c8f29f122469f196b66ba4f55",
        "is_verified": false,
        "line_number": 325
      },
      {
        "type": "Base64 High Entropy String",
        "filename": "artifacts/user-journeys/moabb-gui-campaign-v2.json",
        "hashed_secret": "29d2392a7c7c1c8c65b8e5e8f651e4c029678eed",
        "is_verified": false,
        "line_number": 371
      },
      {
        "type": "Base64 High Entropy String",
        "filename": "artifacts/user-journeys/moabb-gui-campaign-v2.json",
        "hashed_secret": "dbc353bc7ed5e131cbb1842d18d2a2f6287687fa",
        "is_verified": false,
        "line_number": 394
      },
      {
        "type": "Base64 High Entropy String",
        "filename": "artifacts/user-journeys/moabb-gui-campaign-v2.json",
        "hashed_secret": "07bde967fe220455875c1969569804ea27258844",
        "is_verified": false,
        "line_number": 417
      }
    ],
    "scripts/dev/moabb_campaign_preflight.py": [
      {
        "type": "Hex High Entropy String",
        "filename": "scripts/dev/moabb_campaign_preflight.py",
        "hashed_secret": "0354dcd62e74bad5ef7ce4bff7e7e2efd4202f02",
        "is_verified": false,
        "line_number": 28
      }
    ],
    "scripts/dev/moabb_gui_campaign_v2/contract.py": [
      {
        "type": "Hex High Entropy String",
        "filename": "scripts/dev/moabb_gui_campaign_v2/contract.py",
        "hashed_secret": "0354dcd62e74bad5ef7ce4bff7e7e2efd4202f02",
        "is_verified": false,
        "line_number": 22
      }
    ],
    "tests/unit/scripts/test_moabb_campaign_preflight.py": [
      {
        "type": "Hex High Entropy String",
        "filename": "tests/unit/scripts/test_moabb_campaign_preflight.py",
        "hashed_secret": "8dd15e47b115591fcc39925b7603282722e50f95",
        "is_verified": false,
        "line_number": 576
      }
    ]
  },
  "generated_at": "2026-08-13T00:55:49Z"
}
