{
  "version": "1.5.0",
  "plugins_used": [
    {
      "name": "ArtifactoryDetector"
    },
    {
      "name": "AWSKeyDetector"
    },
    {
      "name": "AzureStorageKeyDetector"
    },
    {
      "name": "Base64HighEntropyString",
      "limit": 4.5
    },
    {
      "name": "BasicAuthDetector"
    },
    {
      "name": "CloudantDetector"
    },
    {
      "name": "DiscordBotTokenDetector"
    },
    {
      "name": "GitHubTokenDetector"
    },
    {
      "name": "GitLabTokenDetector"
    },
    {
      "name": "HexHighEntropyString",
      "limit": 3.0
    },
    {
      "name": "IbmCloudIamDetector"
    },
    {
      "name": "IbmCosHmacDetector"
    },
    {
      "name": "IPPublicDetector"
    },
    {
      "name": "JwtTokenDetector"
    },
    {
      "name": "KeywordDetector",
      "keyword_exclude": ""
    },
    {
      "name": "MailchimpDetector"
    },
    {
      "name": "NpmDetector"
    },
    {
      "name": "OpenAIDetector"
    },
    {
      "name": "PrivateKeyDetector"
    },
    {
      "name": "PypiTokenDetector"
    },
    {
      "name": "SendGridDetector"
    },
    {
      "name": "SlackDetector"
    },
    {
      "name": "SoftlayerDetector"
    },
    {
      "name": "SquareOAuthDetector"
    },
    {
      "name": "StripeDetector"
    },
    {
      "name": "TelegramBotTokenDetector"
    },
    {
      "name": "TwilioKeyDetector"
    }
  ],
  "filters_used": [
    {
      "path": "detect_secrets.filters.allowlist.is_line_allowlisted"
    },
    {
      "path": "detect_secrets.filters.common.is_baseline_file",
      "filename": ".secrets.baseline"
    },
    {
      "path": "detect_secrets.filters.common.is_ignored_due_to_verification_policies",
      "min_level": 2
    },
    {
      "path": "detect_secrets.filters.heuristic.is_indirect_reference"
    },
    {
      "path": "detect_secrets.filters.heuristic.is_likely_id_string"
    },
    {
      "path": "detect_secrets.filters.heuristic.is_lock_file"
    },
    {
      "path": "detect_secrets.filters.heuristic.is_not_alphanumeric_string"
    },
    {
      "path": "detect_secrets.filters.heuristic.is_potential_uuid"
    },
    {
      "path": "detect_secrets.filters.heuristic.is_prefixed_with_dollar_sign"
    },
    {
      "path": "detect_secrets.filters.heuristic.is_sequential_string"
    },
    {
      "path": "detect_secrets.filters.heuristic.is_swagger_file"
    },
    {
      "path": "detect_secrets.filters.heuristic.is_templated_secret"
    },
    {
      "path": "detect_secrets.filters.regex.should_exclude_line",
      "pattern": [
        "^\\s*\"(?:sha256|image_sha256|source_fingerprint|fingerprint_at_start|fingerprint_at_completion|commit_sha|tree_sha|dirty_digest|head_tree_sha|source_content_digest|source_digest)\"\\s*:"
      ]
    }
  ],
  "results": {
    "XBrainLab/backend/utils/public_diagnostics.py": [
      {
        "type": "Secret Keyword",
        "filename": "XBrainLab/backend/utils/public_diagnostics.py",
        "hashed_secret": "e5e9fa1ba31ecd1ae84f75caaa474f3a663f05f4",
        "is_verified": false,
        "line_number": 35
      }
    ],
    "scripts/dev/moabb_user_journeys/data/moabb-datasets-v1.json": [
      {
        "type": "Hex High Entropy String",
        "filename": "scripts/dev/moabb_user_journeys/data/moabb-datasets-v1.json",
        "hashed_secret": "0354dcd62e74bad5ef7ce4bff7e7e2efd4202f02",
        "is_verified": false,
        "line_number": 7
      },
      {
        "type": "Hex High Entropy String",
        "filename": "scripts/dev/moabb_user_journeys/data/moabb-datasets-v1.json",
        "hashed_secret": "e69ad4c2925f1823bd17f3878093dd4472cf6d72",
        "is_verified": false,
        "line_number": 67
      },
      {
        "type": "Hex High Entropy String",
        "filename": "scripts/dev/moabb_user_journeys/data/moabb-datasets-v1.json",
        "hashed_secret": "538203b743158874976772293be7f880b253a340",
        "is_verified": false,
        "line_number": 77
      },
      {
        "type": "Hex High Entropy String",
        "filename": "scripts/dev/moabb_user_journeys/data/moabb-datasets-v1.json",
        "hashed_secret": "8a5a372f3aa69d21c79488d100249cbb26974895",
        "is_verified": false,
        "line_number": 87
      },
      {
        "type": "Hex High Entropy String",
        "filename": "scripts/dev/moabb_user_journeys/data/moabb-datasets-v1.json",
        "hashed_secret": "1d95ffa16a0426b627e25f3a64c420517084ea96",
        "is_verified": false,
        "line_number": 97
      },
      {
        "type": "Hex High Entropy String",
        "filename": "scripts/dev/moabb_user_journeys/data/moabb-datasets-v1.json",
        "hashed_secret": "11a0dfb6ff8bb7a6e55ba728869e9a99163f146e",
        "is_verified": false,
        "line_number": 107
      },
      {
        "type": "Hex High Entropy String",
        "filename": "scripts/dev/moabb_user_journeys/data/moabb-datasets-v1.json",
        "hashed_secret": "9a2ce5dde913692f864dd930d4575ca488f503f4",
        "is_verified": false,
        "line_number": 117
      },
      {
        "type": "Hex High Entropy String",
        "filename": "scripts/dev/moabb_user_journeys/data/moabb-datasets-v1.json",
        "hashed_secret": "a139670d9f225654ba82ee3e21c40745603b0d40",
        "is_verified": false,
        "line_number": 127
      },
      {
        "type": "Hex High Entropy String",
        "filename": "scripts/dev/moabb_user_journeys/data/moabb-datasets-v1.json",
        "hashed_secret": "495098a77049777622cc8e63267a63e51254a8ae",
        "is_verified": false,
        "line_number": 137
      },
      {
        "type": "Hex High Entropy String",
        "filename": "scripts/dev/moabb_user_journeys/data/moabb-datasets-v1.json",
        "hashed_secret": "bf5c48af987696c1f2728eae069e429e0c6f9f70",
        "is_verified": false,
        "line_number": 147
      },
      {
        "type": "Hex High Entropy String",
        "filename": "scripts/dev/moabb_user_journeys/data/moabb-datasets-v1.json",
        "hashed_secret": "d4ed0ee4fbd3966a3ae1b9a81a2f601bde1690fe",
        "is_verified": false,
        "line_number": 393
      },
      {
        "type": "Hex High Entropy String",
        "filename": "scripts/dev/moabb_user_journeys/data/moabb-datasets-v1.json",
        "hashed_secret": "c896a2eb0991e06d347af020d33e920b0c2a5b7b",
        "is_verified": false,
        "line_number": 403
      },
      {
        "type": "Hex High Entropy String",
        "filename": "scripts/dev/moabb_user_journeys/data/moabb-datasets-v1.json",
        "hashed_secret": "8ffb779587ecc7ba98f0204049aaa1eee4678ae6",
        "is_verified": false,
        "line_number": 413
      },
      {
        "type": "Hex High Entropy String",
        "filename": "scripts/dev/moabb_user_journeys/data/moabb-datasets-v1.json",
        "hashed_secret": "382e3904a2643807a5b79634ae755393699575b5",
        "is_verified": false,
        "line_number": 423
      },
      {
        "type": "Hex High Entropy String",
        "filename": "scripts/dev/moabb_user_journeys/data/moabb-datasets-v1.json",
        "hashed_secret": "0e9a66dbdd257033569c9201ab94ed1b50a239aa",
        "is_verified": false,
        "line_number": 433
      },
      {
        "type": "Hex High Entropy String",
        "filename": "scripts/dev/moabb_user_journeys/data/moabb-datasets-v1.json",
        "hashed_secret": "0470a6ff88ad123d5ee56ac86f10f22283395f48",
        "is_verified": false,
        "line_number": 443
      },
      {
        "type": "Hex High Entropy String",
        "filename": "scripts/dev/moabb_user_journeys/data/moabb-datasets-v1.json",
        "hashed_secret": "12e64acc8f6bda134e233b10a06cd65b85c8a655",
        "is_verified": false,
        "line_number": 570
      },
      {
        "type": "Hex High Entropy String",
        "filename": "scripts/dev/moabb_user_journeys/data/moabb-datasets-v1.json",
        "hashed_secret": "62cd64be100b990cbfd4a912c788e14c7d90b6b4",
        "is_verified": false,
        "line_number": 577
      },
      {
        "type": "Hex High Entropy String",
        "filename": "scripts/dev/moabb_user_journeys/data/moabb-datasets-v1.json",
        "hashed_secret": "9e0c9a0affb8c458c818892181655df373ad4935",
        "is_verified": false,
        "line_number": 584
      },
      {
        "type": "Hex High Entropy String",
        "filename": "scripts/dev/moabb_user_journeys/data/moabb-datasets-v1.json",
        "hashed_secret": "b1e7079224302a3a58c8a2cef922e498865bdf57",
        "is_verified": false,
        "line_number": 591
      },
      {
        "type": "Hex High Entropy String",
        "filename": "scripts/dev/moabb_user_journeys/data/moabb-datasets-v1.json",
        "hashed_secret": "0488cb8b08d03f6dde673dd357add6a5cb057c8b",
        "is_verified": false,
        "line_number": 598
      }
    ],
    "scripts/dev/moabb_user_journeys/data/moabb-import-catalog-v1.json": [
      {
        "type": "Hex High Entropy String",
        "filename": "scripts/dev/moabb_user_journeys/data/moabb-import-catalog-v1.json",
        "hashed_secret": "0354dcd62e74bad5ef7ce4bff7e7e2efd4202f02",
        "is_verified": false,
        "line_number": 27,
        "is_secret": false
      },
      {
        "type": "Hex High Entropy String",
        "filename": "scripts/dev/moabb_user_journeys/data/moabb-import-catalog-v1.json",
        "hashed_secret": "aeea9f004c16108ca0d2120d37f15340689017af",
        "is_verified": false,
        "line_number": 36,
        "is_secret": false
      },
      {
        "type": "Hex High Entropy String",
        "filename": "scripts/dev/moabb_user_journeys/data/moabb-import-catalog-v1.json",
        "hashed_secret": "3b7ad2a080badafe3c434b95352a2e2fc9808b19",
        "is_verified": false,
        "line_number": 72,
        "is_secret": false
      },
      {
        "type": "Hex High Entropy String",
        "filename": "scripts/dev/moabb_user_journeys/data/moabb-import-catalog-v1.json",
        "hashed_secret": "0c5c27ad5fae73168503acadeb5958725812f45b",
        "is_verified": false,
        "line_number": 82,
        "is_secret": false
      },
      {
        "type": "Hex High Entropy String",
        "filename": "scripts/dev/moabb_user_journeys/data/moabb-import-catalog-v1.json",
        "hashed_secret": "698a6cd2bbf508bbc25ceb3a73eced6dfaf8d39a",
        "is_verified": false,
        "line_number": 92,
        "is_secret": false
      },
      {
        "type": "Hex High Entropy String",
        "filename": "scripts/dev/moabb_user_journeys/data/moabb-import-catalog-v1.json",
        "hashed_secret": "bf8201d0e9d63c1d09f282a12291d11edfc56ba8",
        "is_verified": false,
        "line_number": 102,
        "is_secret": false
      },
      {
        "type": "Hex High Entropy String",
        "filename": "scripts/dev/moabb_user_journeys/data/moabb-import-catalog-v1.json",
        "hashed_secret": "39436260e5b15416a4d9bb668d7fa6eceb7ada47",
        "is_verified": false,
        "line_number": 112,
        "is_secret": false
      },
      {
        "type": "Hex High Entropy String",
        "filename": "scripts/dev/moabb_user_journeys/data/moabb-import-catalog-v1.json",
        "hashed_secret": "52b96820dc5e1506104ed8ec20aeee300b2d88bb",
        "is_verified": false,
        "line_number": 122,
        "is_secret": false
      },
      {
        "type": "Hex High Entropy String",
        "filename": "scripts/dev/moabb_user_journeys/data/moabb-import-catalog-v1.json",
        "hashed_secret": "0ea44ac79faa9325e8199ca6fe0f194f2a20d53b",
        "is_verified": false,
        "line_number": 132,
        "is_secret": false
      },
      {
        "type": "Hex High Entropy String",
        "filename": "scripts/dev/moabb_user_journeys/data/moabb-import-catalog-v1.json",
        "hashed_secret": "0d919693006a881480b544bc6ef96dfdf8936b46",
        "is_verified": false,
        "line_number": 142,
        "is_secret": false
      },
      {
        "type": "Hex High Entropy String",
        "filename": "scripts/dev/moabb_user_journeys/data/moabb-import-catalog-v1.json",
        "hashed_secret": "07daf7789ad435afc35273645b7e488e7081a42e",
        "is_verified": false,
        "line_number": 152,
        "is_secret": false
      },
      {
        "type": "Hex High Entropy String",
        "filename": "scripts/dev/moabb_user_journeys/data/moabb-import-catalog-v1.json",
        "hashed_secret": "627231269baa774635b2cb1a69838b7c596d1c57",
        "is_verified": false,
        "line_number": 162,
        "is_secret": false
      },
      {
        "type": "Hex High Entropy String",
        "filename": "scripts/dev/moabb_user_journeys/data/moabb-import-catalog-v1.json",
        "hashed_secret": "4b60e6686c148cf39e6a15915741b1c3be937a61",
        "is_verified": false,
        "line_number": 172,
        "is_secret": false
      },
      {
        "type": "Hex High Entropy String",
        "filename": "scripts/dev/moabb_user_journeys/data/moabb-import-catalog-v1.json",
        "hashed_secret": "ac2653f87001b61ae30c6f7cc883882107e5d724",
        "is_verified": false,
        "line_number": 190,
        "is_secret": false
      },
      {
        "type": "Hex High Entropy String",
        "filename": "scripts/dev/moabb_user_journeys/data/moabb-import-catalog-v1.json",
        "hashed_secret": "000c4c048a14514d44c0221db1ea56a5162cb604",
        "is_verified": false,
        "line_number": 200,
        "is_secret": false
      },
      {
        "type": "Hex High Entropy String",
        "filename": "scripts/dev/moabb_user_journeys/data/moabb-import-catalog-v1.json",
        "hashed_secret": "f9fed05e7ac7eb610ea1c3a4768cf0b804203689",
        "is_verified": false,
        "line_number": 210,
        "is_secret": false
      },
      {
        "type": "Hex High Entropy String",
        "filename": "scripts/dev/moabb_user_journeys/data/moabb-import-catalog-v1.json",
        "hashed_secret": "de85bbbbd6c3ed00abaebc88432142e4bb1e2ce5",
        "is_verified": false,
        "line_number": 220,
        "is_secret": false
      },
      {
        "type": "Hex High Entropy String",
        "filename": "scripts/dev/moabb_user_journeys/data/moabb-import-catalog-v1.json",
        "hashed_secret": "0487d4f138e77852229ada03b23ccf5d1d5d1b4e",
        "is_verified": false,
        "line_number": 230,
        "is_secret": false
      },
      {
        "type": "Hex High Entropy String",
        "filename": "scripts/dev/moabb_user_journeys/data/moabb-import-catalog-v1.json",
        "hashed_secret": "23f6d4872bf44f883304aebfc540c8db52645ae4",
        "is_verified": false,
        "line_number": 240,
        "is_secret": false
      },
      {
        "type": "Hex High Entropy String",
        "filename": "scripts/dev/moabb_user_journeys/data/moabb-import-catalog-v1.json",
        "hashed_secret": "2b5f473e08958c5ceadccbc8ea94832b7dde009e",
        "is_verified": false,
        "line_number": 258,
        "is_secret": false
      },
      {
        "type": "Hex High Entropy String",
        "filename": "scripts/dev/moabb_user_journeys/data/moabb-import-catalog-v1.json",
        "hashed_secret": "14459b9ee668736005a483de3048a998d2b09e21",
        "is_verified": false,
        "line_number": 268,
        "is_secret": false
      },
      {
        "type": "Hex High Entropy String",
        "filename": "scripts/dev/moabb_user_journeys/data/moabb-import-catalog-v1.json",
        "hashed_secret": "01edb937d33e82cd08e56412c15ca6e4411c10d1",
        "is_verified": false,
        "line_number": 278,
        "is_secret": false
      },
      {
        "type": "Hex High Entropy String",
        "filename": "scripts/dev/moabb_user_journeys/data/moabb-import-catalog-v1.json",
        "hashed_secret": "66506b006fba6f425fb0f1be236d31f4b4565525",
        "is_verified": false,
        "line_number": 296,
        "is_secret": false
      },
      {
        "type": "Hex High Entropy String",
        "filename": "scripts/dev/moabb_user_journeys/data/moabb-import-catalog-v1.json",
        "hashed_secret": "d2f9db60ec544c21e7a71eee6751f5e76612a40e",
        "is_verified": false,
        "line_number": 306,
        "is_secret": false
      },
      {
        "type": "Hex High Entropy String",
        "filename": "scripts/dev/moabb_user_journeys/data/moabb-import-catalog-v1.json",
        "hashed_secret": "bb097ff7307051aac45b307e6dc5eedb3a547320",
        "is_verified": false,
        "line_number": 316,
        "is_secret": false
      },
      {
        "type": "Hex High Entropy String",
        "filename": "scripts/dev/moabb_user_journeys/data/moabb-import-catalog-v1.json",
        "hashed_secret": "7994ef0d66dd5ac9d5d581a1f1e04bbc1428b87b",
        "is_verified": false,
        "line_number": 326,
        "is_secret": false
      },
      {
        "type": "Hex High Entropy String",
        "filename": "scripts/dev/moabb_user_journeys/data/moabb-import-catalog-v1.json",
        "hashed_secret": "2ba7d2e40fd81cd7fd2cebbce844f1e5c7fde8c4",
        "is_verified": false,
        "line_number": 336,
        "is_secret": false
      },
      {
        "type": "Hex High Entropy String",
        "filename": "scripts/dev/moabb_user_journeys/data/moabb-import-catalog-v1.json",
        "hashed_secret": "639b936497f06ae8a8a53bb79abe235eebe95d2b",
        "is_verified": false,
        "line_number": 386,
        "is_secret": false
      },
      {
        "type": "Hex High Entropy String",
        "filename": "scripts/dev/moabb_user_journeys/data/moabb-import-catalog-v1.json",
        "hashed_secret": "0374a256de1f9461af33a2437e24b8b995b3a50a",
        "is_verified": false,
        "line_number": 396,
        "is_secret": false
      },
      {
        "type": "Hex High Entropy String",
        "filename": "scripts/dev/moabb_user_journeys/data/moabb-import-catalog-v1.json",
        "hashed_secret": "6f75fa2268816ebfe8bc87ab310d42605eda9cf7",
        "is_verified": false,
        "line_number": 446,
        "is_secret": false
      },
      {
        "type": "Hex High Entropy String",
        "filename": "scripts/dev/moabb_user_journeys/data/moabb-import-catalog-v1.json",
        "hashed_secret": "89ea32683cb29798b307fe379b90bc90c6110493",
        "is_verified": false,
        "line_number": 456,
        "is_secret": false
      },
      {
        "type": "Hex High Entropy String",
        "filename": "scripts/dev/moabb_user_journeys/data/moabb-import-catalog-v1.json",
        "hashed_secret": "cbf98985eec5b819c2fdce120608b4ff1702d7a3",
        "is_verified": false,
        "line_number": 514,
        "is_secret": false
      },
      {
        "type": "Hex High Entropy String",
        "filename": "scripts/dev/moabb_user_journeys/data/moabb-import-catalog-v1.json",
        "hashed_secret": "04c235bd7fccfa431875f71fd4f62537722da8d3",
        "is_verified": false,
        "line_number": 574,
        "is_secret": false
      },
      {
        "type": "Hex High Entropy String",
        "filename": "scripts/dev/moabb_user_journeys/data/moabb-import-catalog-v1.json",
        "hashed_secret": "33a737f4dcd4029b7972cc6710b75ae6c2897b33",
        "is_verified": false,
        "line_number": 584,
        "is_secret": false
      },
      {
        "type": "Hex High Entropy String",
        "filename": "scripts/dev/moabb_user_journeys/data/moabb-import-catalog-v1.json",
        "hashed_secret": "ddab97cf9b66a925252e9ffc7d5fc11cb3dadee2",
        "is_verified": false,
        "line_number": 594,
        "is_secret": false
      },
      {
        "type": "Hex High Entropy String",
        "filename": "scripts/dev/moabb_user_journeys/data/moabb-import-catalog-v1.json",
        "hashed_secret": "7298a05bfdf2be78ebf53f5e18c3dbeaaa30e325",
        "is_verified": false,
        "line_number": 604,
        "is_secret": false
      },
      {
        "type": "Hex High Entropy String",
        "filename": "scripts/dev/moabb_user_journeys/data/moabb-import-catalog-v1.json",
        "hashed_secret": "8b0cea4cb5d59358e7ab8098f6c1d3e916e17c0e",
        "is_verified": false,
        "line_number": 614,
        "is_secret": false
      },
      {
        "type": "Hex High Entropy String",
        "filename": "scripts/dev/moabb_user_journeys/data/moabb-import-catalog-v1.json",
        "hashed_secret": "16168b49b3ecb10546a2150922267d81fd88184e",
        "is_verified": false,
        "line_number": 624,
        "is_secret": false
      },
      {
        "type": "Hex High Entropy String",
        "filename": "scripts/dev/moabb_user_journeys/data/moabb-import-catalog-v1.json",
        "hashed_secret": "ac6b87d0aa27c1c10ae35189e495d207ab03be55",
        "is_verified": false,
        "line_number": 634,
        "is_secret": false
      },
      {
        "type": "Hex High Entropy String",
        "filename": "scripts/dev/moabb_user_journeys/data/moabb-import-catalog-v1.json",
        "hashed_secret": "ae8c5d059472c36f6b43086cc223f0411e5ba721",
        "is_verified": false,
        "line_number": 654,
        "is_secret": false
      },
      {
        "type": "Hex High Entropy String",
        "filename": "scripts/dev/moabb_user_journeys/data/moabb-import-catalog-v1.json",
        "hashed_secret": "cfc8c1e51bbff296564cbfa901fe52135b4d4c91",
        "is_verified": false,
        "line_number": 674,
        "is_secret": false
      },
      {
        "type": "Hex High Entropy String",
        "filename": "scripts/dev/moabb_user_journeys/data/moabb-import-catalog-v1.json",
        "hashed_secret": "a7056c8905212220b33c315e8b6668e66f66d63a",
        "is_verified": false,
        "line_number": 684,
        "is_secret": false
      },
      {
        "type": "Hex High Entropy String",
        "filename": "scripts/dev/moabb_user_journeys/data/moabb-import-catalog-v1.json",
        "hashed_secret": "b80632d3612e158e0e9bf6b8716fff4a2a6de426",
        "is_verified": false,
        "line_number": 694,
        "is_secret": false
      },
      {
        "type": "Hex High Entropy String",
        "filename": "scripts/dev/moabb_user_journeys/data/moabb-import-catalog-v1.json",
        "hashed_secret": "813f4510b22a1b03c0a2eb2e8df6db7c861ea58b",
        "is_verified": false,
        "line_number": 704,
        "is_secret": false
      },
      {
        "type": "Hex High Entropy String",
        "filename": "scripts/dev/moabb_user_journeys/data/moabb-import-catalog-v1.json",
        "hashed_secret": "8e579b556dabd933b06e7c3b0080a714a7f4d2e9",
        "is_verified": false,
        "line_number": 714,
        "is_secret": false
      },
      {
        "type": "Hex High Entropy String",
        "filename": "scripts/dev/moabb_user_journeys/data/moabb-import-catalog-v1.json",
        "hashed_secret": "ed01864acdd61d5f4ba04abb303559d4f3f1eb39",
        "is_verified": false,
        "line_number": 724,
        "is_secret": false
      },
      {
        "type": "Hex High Entropy String",
        "filename": "scripts/dev/moabb_user_journeys/data/moabb-import-catalog-v1.json",
        "hashed_secret": "68df315aa2e4a8b18c14774607cfce75946ed3fd",
        "is_verified": false,
        "line_number": 734,
        "is_secret": false
      },
      {
        "type": "Hex High Entropy String",
        "filename": "scripts/dev/moabb_user_journeys/data/moabb-import-catalog-v1.json",
        "hashed_secret": "3fd403a23d252f4f1afd6e5926bed8ad1868a6d9",
        "is_verified": false,
        "line_number": 744,
        "is_secret": false
      },
      {
        "type": "Hex High Entropy String",
        "filename": "scripts/dev/moabb_user_journeys/data/moabb-import-catalog-v1.json",
        "hashed_secret": "f64c5dd6e5630aa102a68d34c9f47ff032576b18",
        "is_verified": false,
        "line_number": 794,
        "is_secret": false
      },
      {
        "type": "Hex High Entropy String",
        "filename": "scripts/dev/moabb_user_journeys/data/moabb-import-catalog-v1.json",
        "hashed_secret": "32e7e63b8fd47062424a3c1eb934f6c6145977b3",
        "is_verified": false,
        "line_number": 795,
        "is_secret": false
      },
      {
        "type": "Hex High Entropy String",
        "filename": "scripts/dev/moabb_user_journeys/data/moabb-import-catalog-v1.json",
        "hashed_secret": "9a5e743a3bf849147fe540fe85db5b474b22c766",
        "is_verified": false,
        "line_number": 845,
        "is_secret": false
      },
      {
        "type": "Hex High Entropy String",
        "filename": "scripts/dev/moabb_user_journeys/data/moabb-import-catalog-v1.json",
        "hashed_secret": "8f6b6a4a7fe69cf987080a1d828fb4a3e020d439",
        "is_verified": false,
        "line_number": 855,
        "is_secret": false
      },
      {
        "type": "Hex High Entropy String",
        "filename": "scripts/dev/moabb_user_journeys/data/moabb-import-catalog-v1.json",
        "hashed_secret": "684fb0032512773811c9302e45dc83e26f5edee2",
        "is_verified": false,
        "line_number": 875,
        "is_secret": false
      },
      {
        "type": "Hex High Entropy String",
        "filename": "scripts/dev/moabb_user_journeys/data/moabb-import-catalog-v1.json",
        "hashed_secret": "76d1af8f3a2a2cb7570605da79179fb9cfc25f16",
        "is_verified": false,
        "line_number": 975,
        "is_secret": false
      },
      {
        "type": "Hex High Entropy String",
        "filename": "scripts/dev/moabb_user_journeys/data/moabb-import-catalog-v1.json",
        "hashed_secret": "ac511a482a66faf4d9021c1b9ebfed67fa01da4b",
        "is_verified": false,
        "line_number": 1075,
        "is_secret": false
      },
      {
        "type": "Hex High Entropy String",
        "filename": "scripts/dev/moabb_user_journeys/data/moabb-import-catalog-v1.json",
        "hashed_secret": "e4ab9b38e6c66ee121b8815eab1aa0f2bb97e4b8",
        "is_verified": false,
        "line_number": 1076,
        "is_secret": false
      },
      {
        "type": "Hex High Entropy String",
        "filename": "scripts/dev/moabb_user_journeys/data/moabb-import-catalog-v1.json",
        "hashed_secret": "f6a16e0601171855d9494d74b9d1c0397eaa2db8",
        "is_verified": false,
        "line_number": 1094,
        "is_secret": false
      },
      {
        "type": "Hex High Entropy String",
        "filename": "scripts/dev/moabb_user_journeys/data/moabb-import-catalog-v1.json",
        "hashed_secret": "4e924af5f887aad877b5f4be13aeb3bf3158e6f7",
        "is_verified": false,
        "line_number": 1104,
        "is_secret": false
      },
      {
        "type": "Hex High Entropy String",
        "filename": "scripts/dev/moabb_user_journeys/data/moabb-import-catalog-v1.json",
        "hashed_secret": "94b24fb15f7d846f2fcaa203b885606b21eb4fca",
        "is_verified": false,
        "line_number": 1105,
        "is_secret": false
      },
      {
        "type": "Hex High Entropy String",
        "filename": "scripts/dev/moabb_user_journeys/data/moabb-import-catalog-v1.json",
        "hashed_secret": "b7b97a69056de9368a40af2ddd6d4fc6717ab131",
        "is_verified": false,
        "line_number": 1125,
        "is_secret": false
      },
      {
        "type": "Hex High Entropy String",
        "filename": "scripts/dev/moabb_user_journeys/data/moabb-import-catalog-v1.json",
        "hashed_secret": "df74be2a59e6507b6bda323008378e831800e1a9",
        "is_verified": false,
        "line_number": 1143,
        "is_secret": false
      },
      {
        "type": "Hex High Entropy String",
        "filename": "scripts/dev/moabb_user_journeys/data/moabb-import-catalog-v1.json",
        "hashed_secret": "b4131537cfec66091cabd0ccb0ce0ca15daaa507",
        "is_verified": false,
        "line_number": 1153,
        "is_secret": false
      },
      {
        "type": "Hex High Entropy String",
        "filename": "scripts/dev/moabb_user_journeys/data/moabb-import-catalog-v1.json",
        "hashed_secret": "8b935f1f0e15646b74032c26a4adf85ce9b309dd",
        "is_verified": false,
        "line_number": 1171,
        "is_secret": false
      },
      {
        "type": "Hex High Entropy String",
        "filename": "scripts/dev/moabb_user_journeys/data/moabb-import-catalog-v1.json",
        "hashed_secret": "383a30585525a73b185dfadc0828285ecda2e7b7",
        "is_verified": false,
        "line_number": 1172,
        "is_secret": false
      },
      {
        "type": "Hex High Entropy String",
        "filename": "scripts/dev/moabb_user_journeys/data/moabb-import-catalog-v1.json",
        "hashed_secret": "4830913c01b9c75151fd339a52031b30bc009725",
        "is_verified": false,
        "line_number": 1192,
        "is_secret": false
      },
      {
        "type": "Hex High Entropy String",
        "filename": "scripts/dev/moabb_user_journeys/data/moabb-import-catalog-v1.json",
        "hashed_secret": "2d37235d3d93ec6d3836ae0326a969f59a38c406",
        "is_verified": false,
        "line_number": 1193,
        "is_secret": false
      },
      {
        "type": "Hex High Entropy String",
        "filename": "scripts/dev/moabb_user_journeys/data/moabb-import-catalog-v1.json",
        "hashed_secret": "acfb7656efdace36ebd4af61752cb692b3aa5f8f",
        "is_verified": false,
        "line_number": 1203,
        "is_secret": false
      },
      {
        "type": "Hex High Entropy String",
        "filename": "scripts/dev/moabb_user_journeys/data/moabb-import-catalog-v1.json",
        "hashed_secret": "0c2a9e2e7e19f37175b8980eaa8a030b3e41ed67",
        "is_verified": false,
        "line_number": 1204,
        "is_secret": false
      },
      {
        "type": "Hex High Entropy String",
        "filename": "scripts/dev/moabb_user_journeys/data/moabb-import-catalog-v1.json",
        "hashed_secret": "b457efca9a3d6e69abab9adfe090c9335405704b",
        "is_verified": false,
        "line_number": 1214,
        "is_secret": false
      },
      {
        "type": "Hex High Entropy String",
        "filename": "scripts/dev/moabb_user_journeys/data/moabb-import-catalog-v1.json",
        "hashed_secret": "9223b67c42a30cb446c7eeb3c8b73326042183b7",
        "is_verified": false,
        "line_number": 1215,
        "is_secret": false
      },
      {
        "type": "Hex High Entropy String",
        "filename": "scripts/dev/moabb_user_journeys/data/moabb-import-catalog-v1.json",
        "hashed_secret": "ea8d39223b64a5ee96566c9866364009f3f19e5a",
        "is_verified": false,
        "line_number": 1225,
        "is_secret": false
      },
      {
        "type": "Hex High Entropy String",
        "filename": "scripts/dev/moabb_user_journeys/data/moabb-import-catalog-v1.json",
        "hashed_secret": "559c5faa4e5733f4a0e337e16d3c3bed8dcca41c",
        "is_verified": false,
        "line_number": 1243,
        "is_secret": false
      },
      {
        "type": "Hex High Entropy String",
        "filename": "scripts/dev/moabb_user_journeys/data/moabb-import-catalog-v1.json",
        "hashed_secret": "828133c20f3b595b97dccd5f1ef1d4d0df43462b",
        "is_verified": false,
        "line_number": 1244,
        "is_secret": false
      },
      {
        "type": "Hex High Entropy String",
        "filename": "scripts/dev/moabb_user_journeys/data/moabb-import-catalog-v1.json",
        "hashed_secret": "bb4f5ef61ac27fac516044c30f4e6ec1741301e1",
        "is_verified": false,
        "line_number": 1264,
        "is_secret": false
      },
      {
        "type": "Hex High Entropy String",
        "filename": "scripts/dev/moabb_user_journeys/data/moabb-import-catalog-v1.json",
        "hashed_secret": "0fcfa0eb0078d2185fce4c770f182f53aded1ec6",
        "is_verified": false,
        "line_number": 1274,
        "is_secret": false
      },
      {
        "type": "Hex High Entropy String",
        "filename": "scripts/dev/moabb_user_journeys/data/moabb-import-catalog-v1.json",
        "hashed_secret": "f6c51fc71cab7c5c09d98ed20a70f83a826ec266",
        "is_verified": false,
        "line_number": 1304,
        "is_secret": false
      },
      {
        "type": "Hex High Entropy String",
        "filename": "scripts/dev/moabb_user_journeys/data/moabb-import-catalog-v1.json",
        "hashed_secret": "223100ccbb2a3ab32e0810d4c83f82a5727e3047",
        "is_verified": false,
        "line_number": 1314,
        "is_secret": false
      },
      {
        "type": "Hex High Entropy String",
        "filename": "scripts/dev/moabb_user_journeys/data/moabb-import-catalog-v1.json",
        "hashed_secret": "257f37303ea6d2cb0c6c628eaf43402c58427c70",
        "is_verified": false,
        "line_number": 1332,
        "is_secret": false
      },
      {
        "type": "Hex High Entropy String",
        "filename": "scripts/dev/moabb_user_journeys/data/moabb-import-catalog-v1.json",
        "hashed_secret": "e6ba3f9207d756037fd10c861553a1e07192de7e",
        "is_verified": false,
        "line_number": 1352,
        "is_secret": false
      },
      {
        "type": "Hex High Entropy String",
        "filename": "scripts/dev/moabb_user_journeys/data/moabb-import-catalog-v1.json",
        "hashed_secret": "10784ddb94b2bfd02dad3802b0438a34266bc89d",
        "is_verified": false,
        "line_number": 1372,
        "is_secret": false
      },
      {
        "type": "Hex High Entropy String",
        "filename": "scripts/dev/moabb_user_journeys/data/moabb-import-catalog-v1.json",
        "hashed_secret": "92208c92b46be0707891769850f4a6b576751466",
        "is_verified": false,
        "line_number": 1382,
        "is_secret": false
      },
      {
        "type": "Hex High Entropy String",
        "filename": "scripts/dev/moabb_user_journeys/data/moabb-import-catalog-v1.json",
        "hashed_secret": "cb8ac4868e763ed15ff7f1f201bbcf7b4896cc11",
        "is_verified": false,
        "line_number": 1410,
        "is_secret": false
      },
      {
        "type": "Hex High Entropy String",
        "filename": "scripts/dev/moabb_user_journeys/data/moabb-import-catalog-v1.json",
        "hashed_secret": "52ccc0956d72f5453cbc13b342012616ca3be5e9",
        "is_verified": false,
        "line_number": 1428,
        "is_secret": false
      },
      {
        "type": "Hex High Entropy String",
        "filename": "scripts/dev/moabb_user_journeys/data/moabb-import-catalog-v1.json",
        "hashed_secret": "5e1149a1945b866d35f2ae01ecdc39f211f737cd",
        "is_verified": false,
        "line_number": 1438,
        "is_secret": false
      },
      {
        "type": "Hex High Entropy String",
        "filename": "scripts/dev/moabb_user_journeys/data/moabb-import-catalog-v1.json",
        "hashed_secret": "c095f3c35458d8edbff3a14bcd1e11c4f8ac86d1",
        "is_verified": false,
        "line_number": 1448,
        "is_secret": false
      }
    ],
    "tests/unit/backend/application/test_results.py": [
      {
        "type": "Secret Keyword",
        "filename": "tests/unit/backend/application/test_results.py",
        "hashed_secret": "abf7aad6438836dbe526aa231abde2d0eef74d42",
        "is_verified": false,
        "line_number": 239
      }
    ],
    "tests/unit/backend/utils/test_public_diagnostics.py": [
      {
        "type": "AWS Access Key",
        "filename": "tests/unit/backend/utils/test_public_diagnostics.py",
        "hashed_secret": "25910f981e85ca04baf359199dd0bd4a3ae738b6",
        "is_verified": false,
        "line_number": 267
      },
      {
        "type": "Private Key",
        "filename": "tests/unit/backend/utils/test_public_diagnostics.py",
        "hashed_secret": "1348b145fa1a555461c1b790a2f66614781091e9",
        "is_verified": false,
        "line_number": 509
      },
      {
        "type": "Private Key",
        "filename": "tests/unit/backend/utils/test_public_diagnostics.py",
        "hashed_secret": "be4fc4886bd949b369d5e092eb87494f12e57e5b",
        "is_verified": false,
        "line_number": 626
      },
      {
        "type": "Basic Auth Credentials",
        "filename": "tests/unit/backend/utils/test_public_diagnostics.py",
        "hashed_secret": "a761ce3a45d97e41840a788495e85a70d1bb3815",
        "is_verified": false,
        "line_number": 649
      },
      {
        "type": "Basic Auth Credentials",
        "filename": "tests/unit/backend/utils/test_public_diagnostics.py",
        "hashed_secret": "e5e9fa1ba31ecd1ae84f75caaa474f3a663f05f4",
        "is_verified": false,
        "line_number": 1837
      },
      {
        "type": "Basic Auth Credentials",
        "filename": "tests/unit/backend/utils/test_public_diagnostics.py",
        "hashed_secret": "9d4e1e23bd5b727046a9e3b4b7db57bd8d6ee684",
        "is_verified": false,
        "line_number": 1847
      }
    ],
    "tests/unit/scripts/test_capture_ui_reviewer_fixes.py": [
      {
        "type": "Hex High Entropy String",
        "filename": "tests/unit/scripts/test_capture_ui_reviewer_fixes.py",
        "hashed_secret": "471e28426ab4a27a872bb43c95cd1c961bfa1624",
        "is_verified": false,
        "line_number": 250
      }
    ],
    "tests/unit/scripts/test_update_quality_dashboard.py": [
      {
        "type": "Hex High Entropy String",
        "filename": "tests/unit/scripts/test_update_quality_dashboard.py",
        "hashed_secret": "158b484ae1f6f64f89da22397d25fbdafad02252",
        "is_verified": false,
        "line_number": 1241
      },
      {
        "type": "Hex High Entropy String",
        "filename": "tests/unit/scripts/test_update_quality_dashboard.py",
        "hashed_secret": "6740d1ecb48c5c9ca3b2a3cb1ca2f4b4d4487473",
        "is_verified": false,
        "line_number": 1396
      }
    ],
    "user_docs/assets/manifests/moabb-datasets-v1.json": [
      {
        "type": "Hex High Entropy String",
        "filename": "user_docs/assets/manifests/moabb-datasets-v1.json",
        "hashed_secret": "0354dcd62e74bad5ef7ce4bff7e7e2efd4202f02",
        "is_verified": false,
        "line_number": 7
      },
      {
        "type": "Hex High Entropy String",
        "filename": "user_docs/assets/manifests/moabb-datasets-v1.json",
        "hashed_secret": "e69ad4c2925f1823bd17f3878093dd4472cf6d72",
        "is_verified": false,
        "line_number": 67
      },
      {
        "type": "Hex High Entropy String",
        "filename": "user_docs/assets/manifests/moabb-datasets-v1.json",
        "hashed_secret": "538203b743158874976772293be7f880b253a340",
        "is_verified": false,
        "line_number": 77
      },
      {
        "type": "Hex High Entropy String",
        "filename": "user_docs/assets/manifests/moabb-datasets-v1.json",
        "hashed_secret": "8a5a372f3aa69d21c79488d100249cbb26974895",
        "is_verified": false,
        "line_number": 87
      },
      {
        "type": "Hex High Entropy String",
        "filename": "user_docs/assets/manifests/moabb-datasets-v1.json",
        "hashed_secret": "1d95ffa16a0426b627e25f3a64c420517084ea96",
        "is_verified": false,
        "line_number": 97
      },
      {
        "type": "Hex High Entropy String",
        "filename": "user_docs/assets/manifests/moabb-datasets-v1.json",
        "hashed_secret": "11a0dfb6ff8bb7a6e55ba728869e9a99163f146e",
        "is_verified": false,
        "line_number": 107
      },
      {
        "type": "Hex High Entropy String",
        "filename": "user_docs/assets/manifests/moabb-datasets-v1.json",
        "hashed_secret": "9a2ce5dde913692f864dd930d4575ca488f503f4",
        "is_verified": false,
        "line_number": 117
      },
      {
        "type": "Hex High Entropy String",
        "filename": "user_docs/assets/manifests/moabb-datasets-v1.json",
        "hashed_secret": "a139670d9f225654ba82ee3e21c40745603b0d40",
        "is_verified": false,
        "line_number": 127
      },
      {
        "type": "Hex High Entropy String",
        "filename": "user_docs/assets/manifests/moabb-datasets-v1.json",
        "hashed_secret": "495098a77049777622cc8e63267a63e51254a8ae",
        "is_verified": false,
        "line_number": 137
      },
      {
        "type": "Hex High Entropy String",
        "filename": "user_docs/assets/manifests/moabb-datasets-v1.json",
        "hashed_secret": "bf5c48af987696c1f2728eae069e429e0c6f9f70",
        "is_verified": false,
        "line_number": 147
      },
      {
        "type": "Hex High Entropy String",
        "filename": "user_docs/assets/manifests/moabb-datasets-v1.json",
        "hashed_secret": "d4ed0ee4fbd3966a3ae1b9a81a2f601bde1690fe",
        "is_verified": false,
        "line_number": 393
      },
      {
        "type": "Hex High Entropy String",
        "filename": "user_docs/assets/manifests/moabb-datasets-v1.json",
        "hashed_secret": "c896a2eb0991e06d347af020d33e920b0c2a5b7b",
        "is_verified": false,
        "line_number": 403
      },
      {
        "type": "Hex High Entropy String",
        "filename": "user_docs/assets/manifests/moabb-datasets-v1.json",
        "hashed_secret": "8ffb779587ecc7ba98f0204049aaa1eee4678ae6",
        "is_verified": false,
        "line_number": 413
      },
      {
        "type": "Hex High Entropy String",
        "filename": "user_docs/assets/manifests/moabb-datasets-v1.json",
        "hashed_secret": "382e3904a2643807a5b79634ae755393699575b5",
        "is_verified": false,
        "line_number": 423
      },
      {
        "type": "Hex High Entropy String",
        "filename": "user_docs/assets/manifests/moabb-datasets-v1.json",
        "hashed_secret": "0e9a66dbdd257033569c9201ab94ed1b50a239aa",
        "is_verified": false,
        "line_number": 433
      },
      {
        "type": "Hex High Entropy String",
        "filename": "user_docs/assets/manifests/moabb-datasets-v1.json",
        "hashed_secret": "0470a6ff88ad123d5ee56ac86f10f22283395f48",
        "is_verified": false,
        "line_number": 443
      },
      {
        "type": "Hex High Entropy String",
        "filename": "user_docs/assets/manifests/moabb-datasets-v1.json",
        "hashed_secret": "12e64acc8f6bda134e233b10a06cd65b85c8a655",
        "is_verified": false,
        "line_number": 570
      },
      {
        "type": "Hex High Entropy String",
        "filename": "user_docs/assets/manifests/moabb-datasets-v1.json",
        "hashed_secret": "62cd64be100b990cbfd4a912c788e14c7d90b6b4",
        "is_verified": false,
        "line_number": 577
      },
      {
        "type": "Hex High Entropy String",
        "filename": "user_docs/assets/manifests/moabb-datasets-v1.json",
        "hashed_secret": "9e0c9a0affb8c458c818892181655df373ad4935",
        "is_verified": false,
        "line_number": 584
      },
      {
        "type": "Hex High Entropy String",
        "filename": "user_docs/assets/manifests/moabb-datasets-v1.json",
        "hashed_secret": "b1e7079224302a3a58c8a2cef922e498865bdf57",
        "is_verified": false,
        "line_number": 591
      },
      {
        "type": "Hex High Entropy String",
        "filename": "user_docs/assets/manifests/moabb-datasets-v1.json",
        "hashed_secret": "0488cb8b08d03f6dde673dd357add6a5cb057c8b",
        "is_verified": false,
        "line_number": 598
      }
    ],
    "user_docs/case-studies/manifests/moabb-lee2021mobile-erp.yml": [
      {
        "type": "Hex High Entropy String",
        "filename": "user_docs/case-studies/manifests/moabb-lee2021mobile-erp.yml",
        "hashed_secret": "a43418bbcff9b231f0f2a8fa7abad61636937a42",
        "is_verified": false,
        "line_number": 10
      },
      {
        "type": "Hex High Entropy String",
        "filename": "user_docs/case-studies/manifests/moabb-lee2021mobile-erp.yml",
        "hashed_secret": "0354dcd62e74bad5ef7ce4bff7e7e2efd4202f02",
        "is_verified": false,
        "line_number": 13
      }
    ],
    "user_docs/case-studies/manifests/moabb-ofner2017.yml": [
      {
        "type": "Hex High Entropy String",
        "filename": "user_docs/case-studies/manifests/moabb-ofner2017.yml",
        "hashed_secret": "a43418bbcff9b231f0f2a8fa7abad61636937a42",
        "is_verified": false,
        "line_number": 10
      },
      {
        "type": "Hex High Entropy String",
        "filename": "user_docs/case-studies/manifests/moabb-ofner2017.yml",
        "hashed_secret": "0354dcd62e74bad5ef7ce4bff7e7e2efd4202f02",
        "is_verified": false,
        "line_number": 13
      }
    ],
    "user_docs/case-studies/manifests/moabb-physionetmi.yml": [
      {
        "type": "Hex High Entropy String",
        "filename": "user_docs/case-studies/manifests/moabb-physionetmi.yml",
        "hashed_secret": "a43418bbcff9b231f0f2a8fa7abad61636937a42",
        "is_verified": false,
        "line_number": 10
      },
      {
        "type": "Hex High Entropy String",
        "filename": "user_docs/case-studies/manifests/moabb-physionetmi.yml",
        "hashed_secret": "0354dcd62e74bad5ef7ce4bff7e7e2efd4202f02",
        "is_verified": false,
        "line_number": 13
      }
    ]
  },
  "generated_at": "2026-09-13T06:56:21Z"
}
